
Mutation Report

Length mismatch: reference=4, sample=6

Position     5
Reference    -
Sample       A
Type         Insertion

Position     6
Reference    -
Sample       A
Type         Insertion

Mutations: 2    Similarity: 66.7%
Mutation Report

Length mismatch: reference=4, sample=3

Position     4
Reference    C
Sample       -
Type         Deletion

Mutations: 1    Similarity: 75.0%
